2026-05-15T15:31:04.4759964+03:00 tray main start
2026-05-15T15:31:04.9006628+03:00 runner started pid=20836
2026-05-15T15:31:04.9009766+03:00 tray form ready handle=656902
2026-05-15T15:32:22.2672990+03:00 tray main start
2026-05-15T15:32:22.4159676+03:00 runner started pid=23984
2026-05-15T15:32:22.4165089+03:00 tray form ready handle=2298298
2026-05-15T15:32:36.1119124+03:00 tray main stop
2026-05-15T15:34:29.2414143+03:00 tray main start
2026-05-15T15:34:29.7175557+03:00 runner started pid=28612
2026-05-15T15:34:29.7178860+03:00 tray form ready handle=1118932
2026-05-15T16:22:43.6612097+03:00 tray main start
2026-05-15T16:22:43.8405485+03:00 runner started pid=26648
2026-05-15T16:22:43.8408504+03:00 tray form ready handle=3543870
2026-05-15T16:23:03.7422467+03:00 runner started pid=10772
2026-05-15T16:26:10.2926493+03:00 tray main start
2026-05-15T16:26:11.0179247+03:00 runner started pid=10356
2026-05-15T16:26:11.0182480+03:00 tray form ready handle=4199418
2026-05-15T16:27:00.8797572+03:00 tray main start
2026-05-15T16:27:01.3449346+03:00 runner started pid=30200
2026-05-15T16:27:01.3451548+03:00 tray form ready handle=4264954
2026-05-15T16:29:02.4346934+03:00 tray main start
2026-05-15T16:29:02.6062878+03:00 runner started pid=30252
2026-05-15T16:29:02.6070760+03:00 tray form ready handle=4396004
2026-05-15T16:36:24.5857647+03:00 tray main start
2026-05-15T16:36:25.5464707+03:00 runner started pid=27624
2026-05-15T16:36:25.5467010+03:00 tray form ready handle=3214584
2026-05-15T17:09:38.4001135+03:00 tray main start
2026-05-15T17:09:38.6228720+03:00 runner started pid=29168
2026-05-15T17:09:38.6231909+03:00 tray form ready handle=790496
2026-05-15T17:09:54.2876688+03:00 tray main stop
2026-05-15T17:09:58.4020401+03:00 tray main start
2026-05-15T17:09:58.5797435+03:00 runner started pid=6200
2026-05-15T17:09:58.5800346+03:00 tray form ready handle=22677832
2026-05-15T20:28:41.5129149+03:00 tray main stop
2026-05-15T21:40:01.2822696+03:00 tray main start
2026-05-15T21:40:02.0317754+03:00 runner started pid=20916
2026-05-15T21:40:02.0320378+03:00 tray form ready handle=397066
2026-05-15T21:49:25.2895036+03:00 tray main start
2026-05-15T21:49:25.5155659+03:00 runner job attached pid=23664
2026-05-15T21:49:25.5451278+03:00 runner started pid=23664
2026-05-15T21:49:25.5453776+03:00 tray form ready handle=2428752
2026-05-15T21:58:23.4705478+03:00 tray main start
2026-05-15T21:58:23.6295022+03:00 runner job attached pid=20880
2026-05-15T21:58:23.6510866+03:00 runner started pid=20880
2026-05-15T21:58:23.6512959+03:00 tray form ready handle=8522980
2026-05-16T08:37:04.5237453+03:00 tray main start
2026-05-16T08:37:05.0324789+03:00 runner job attached pid=27580
2026-05-16T08:37:05.0840946+03:00 runner started pid=27580
2026-05-16T08:37:05.0844870+03:00 tray form ready handle=1117102
2026-05-16T08:48:48.5566596+03:00 tray main start
2026-05-16T08:48:48.7258209+03:00 runner job attached pid=26760
2026-05-16T08:48:48.7327544+03:00 runner started pid=26760
2026-05-16T08:48:48.7330706+03:00 tray form ready handle=3935426
2026-05-16T08:56:58.4072425+03:00 tray main start
2026-05-16T08:56:58.5781203+03:00 runner job attached pid=23824
2026-05-16T08:56:58.5825288+03:00 runner started pid=23824
2026-05-16T08:56:58.5829870+03:00 tray form ready handle=1379156
2026-05-16T09:00:05.5107584+03:00 tray main start
2026-05-16T09:00:05.6806578+03:00 runner job attached pid=28972
2026-05-16T09:00:05.6850534+03:00 runner started pid=28972
2026-05-16T09:00:05.6852852+03:00 tray form ready handle=920492
2026-05-16T09:23:36.5738122+03:00 stop requested current=26036
2026-05-16T09:23:36.6217141+03:00 stopped Stepler.Tray pid=29444
2026-05-16T09:26:16.6541763+03:00 stop requested current=32024
2026-05-16T09:26:16.6996488+03:00 stopped stepler-cli pid=30680
2026-05-16T09:26:24.9985794+03:00 tray main start
2026-05-16T09:26:25.2684202+03:00 runner job attached pid=32536
2026-05-16T09:26:25.2741723+03:00 runner started pid=32536
2026-05-16T09:26:25.2743978+03:00 tray form ready handle=3148936
2026-05-16T09:26:39.1610359+03:00 stop requested current=24092
2026-05-16T09:26:39.2095412+03:00 stopped Stepler.Tray pid=29780
2026-05-16T09:28:07.0937073+03:00 tray main start
2026-05-16T09:28:07.2357922+03:00 runner job attached pid=29292
2026-05-16T09:28:07.2394632+03:00 runner started pid=29292
2026-05-16T09:28:07.2396648+03:00 tray form ready handle=395120
2026-05-16T09:32:09.2486978+03:00 tray main start
2026-05-16T09:32:09.4214068+03:00 runner job attached pid=19968
2026-05-16T09:32:09.4260599+03:00 runner started pid=19968
2026-05-16T09:32:09.4262976+03:00 tray form ready handle=1246934
2026-05-16T09:34:53.6135996+03:00 stop requested current=30944
2026-05-16T09:34:53.6543838+03:00 stopped Stepler.Tray pid=20320
2026-05-16T09:38:47.3125439+03:00 tray main start
2026-05-16T09:38:47.4969963+03:00 runner job attached pid=26512
2026-05-16T09:38:47.5029655+03:00 runner started pid=26512
2026-05-16T09:38:47.5032074+03:00 tray form ready handle=1967492
2026-05-16T09:41:45.8701484+03:00 stop requested current=1868
2026-05-16T09:41:45.9197423+03:00 stopped Stepler.Tray pid=24996
2026-05-16T09:49:03.3949213+03:00 tray main start
2026-05-16T09:49:03.5574110+03:00 runner job attached pid=23564
2026-05-16T09:49:03.5626475+03:00 runner started pid=23564
2026-05-16T09:49:03.5628809+03:00 tray form ready handle=4589542
2026-05-16T10:10:14.2609920+03:00 tray main start
2026-05-16T10:10:14.5146663+03:00 runner job attached pid=19072
2026-05-16T10:10:14.5184971+03:00 runner started pid=19072
2026-05-16T10:10:14.5187165+03:00 tray form ready handle=5440686
2026-05-16T10:11:14.2630101+03:00 tray main start
2026-05-16T10:11:14.3940722+03:00 settings loaded path=C:\Users\alexey.andreev\AppData\Roaming\Stepler\settings.json {"PauseEnabled":true,"ScrollLockEnabled":true,"CtrlLayoutSwitchEnabled":true,"MenuCapsSwitchEnabled":true,"RiskyFallbacksEnabled":false}
2026-05-16T10:11:14.4822034+03:00 runner job attached pid=22868
2026-05-16T10:11:14.4868546+03:00 runner started pid=22868
2026-05-16T10:11:14.4870862+03:00 tray form ready handle=1771500
2026-05-16T11:43:44.6465508+03:00 settings saved {"PauseEnabled":true,"ScrollLockEnabled":true,"CtrlLayoutSwitchEnabled":true,"MenuCapsSwitchEnabled":true,"RiskyFallbacksEnabled":true}
2026-05-16T11:43:44.6720105+03:00 runner exited code=-1
2026-05-16T11:43:44.7078120+03:00 runner job attached pid=29260
2026-05-16T11:43:44.7089269+03:00 runner started pid=29260
2026-05-16T11:43:50.5794612+03:00 settings saved {"PauseEnabled":true,"ScrollLockEnabled":true,"CtrlLayoutSwitchEnabled":true,"MenuCapsSwitchEnabled":true,"RiskyFallbacksEnabled":false}
2026-05-16T11:43:50.5917294+03:00 runner exited code=-1
2026-05-16T11:43:50.6108663+03:00 runner job attached pid=29048
2026-05-16T11:43:50.6123882+03:00 runner started pid=29048
2026-05-16T11:46:28.3430643+03:00 tray main start
2026-05-16T11:46:28.4867234+03:00 settings loaded path=C:\Users\alexey.andreev\AppData\Roaming\Stepler\settings.json {"PauseEnabled":true,"ScrollLockEnabled":true,"CtrlLayoutSwitchEnabled":true,"MenuCapsSwitchEnabled":true,"RiskyFallbacksEnabled":false}
2026-05-16T11:46:28.5781145+03:00 runner job attached pid=20684
2026-05-16T11:46:28.5818662+03:00 runner started pid=20684
2026-05-16T11:46:28.5820824+03:00 tray form ready handle=3347092
2026-05-18T09:05:08.9225070+03:00 tray main start
2026-05-18T09:05:09.0746681+03:00 settings loaded path=C:\Users\alexey.andreev\AppData\Roaming\Stepler\settings.json {"PauseEnabled":true,"ScrollLockEnabled":true,"CtrlLayoutSwitchEnabled":true,"MenuCapsSwitchEnabled":true,"RiskyFallbacksEnabled":false}
2026-05-18T09:05:09.1821532+03:00 runner job attached pid=18072
2026-05-18T09:05:09.1851417+03:00 runner started pid=18072
2026-05-18T09:05:09.1853557+03:00 tray form ready handle=66858
2026-05-18T09:05:49.9218436+03:00 runner exited code=-1
2026-05-18T09:05:49.9349645+03:00 runner job attached pid=19160
2026-05-18T09:05:49.9363462+03:00 runner started pid=19160
2026-05-18T09:05:53.1013068+03:00 runner exited code=-1
2026-05-18T09:05:53.1067638+03:00 tray form closed
2026-05-18T09:05:53.1457307+03:00 tray application exit
2026-05-18T09:05:53.1464896+03:00 tray main stop
2026-05-18T09:07:37.3152184+03:00 tray main start
2026-05-18T09:07:37.3838693+03:00 settings loaded path=C:\Users\alexey.andreev\AppData\Roaming\Stepler\settings.json {"PauseEnabled":true,"ScrollLockEnabled":true,"CtrlLayoutSwitchEnabled":true,"MenuCapsSwitchEnabled":true,"RiskyFallbacksEnabled":false}
2026-05-18T09:07:37.4864733+03:00 runner job attached pid=15984
2026-05-18T09:07:37.5102748+03:00 runner started pid=15984
2026-05-18T09:07:37.5105053+03:00 tray form ready handle=264238
